// Jest Snapshot v1, https://goo.gl/fbAQLP

exports[`renders correctly 1`] = `
<RCTScrollView
  style={
    Object {
      "flex": 1,
      "flexDirection": "column",
    }
  }
>
  <View>
    <View
      style={
        Object {
          "flexDirection": "row",
          "justifyContent": "space-between",
          "margin": 5,
        }
      }
    >
      <Text
        accessible={true}
        allowFontScaling={true}
        ellipsizeMode="tail"
        style={
          Array [
            Object {},
            undefined,
            undefined,
            undefined,
            Object {
              "fontSize": 27.5,
            },
            undefined,
            undefined,
            undefined,
            Object {},
            undefined,
            Object {
              "fontSize": 20,
              "margin": 5,
              "marginTop": 8,
            },
          ]
        }
      >
        
         
        
         [
        
        ]
      </Text>
      <View
        style={
          Array [
            Object {
              "marginLeft": 15,
              "marginRight": 15,
            },
            undefined,
            undefined,
            Object {
              "borderRadius": 15,
            },
          ]
        }
      >
        <View
          accessible={true}
          isTVSelectable={true}
          onResponderGrant={[Function]}
          onResponderMove={[Function]}
          onResponderRelease={[Function]}
          onResponderTerminate={[Function]}
          onResponderTerminationRequest={[Function]}
          onStartShouldSetResponder={[Function]}
          style={Object {}}
        >
          <View
            pointerEvents="box-only"
            style={
              Array [
                Object {
                  "alignItems": "center",
                  "backgroundColor": "#9E9E9E",
                  "flexDirection": "row",
                  "justifyContent": "center",
                  "padding": 19,
                },
                undefined,
                undefined,
                undefined,
                undefined,
                undefined,
                Object {
                  "backgroundColor": "#5167A4",
                },
                Object {
                  "borderRadius": 15,
                },
                Object {
                  "padding": 12,
                },
                undefined,
                undefined,
                undefined,
                undefined,
                undefined,
                undefined,
              ]
            }
          >
            <Text
              accessible={true}
              allowFontScaling={true}
              ellipsizeMode="tail"
              style={
                Array [
                  Object {},
                  undefined,
                  undefined,
                  undefined,
                  undefined,
                  undefined,
                  undefined,
                  undefined,
                  undefined,
                  undefined,
                  Array [
                    Object {
                      "color": "white",
                      "fontSize": 20,
                    },
                    Object {
                      "color": "#fff",
                    },
                    Object {
                      "fontSize": 17.5,
                    },
                    Object {
                      "fontSize": 12,
                    },
                    undefined,
                    Object {
                      "fontWeight": "bold",
                    },
                    undefined,
                    undefined,
                  ],
                ]
              }
            >
              Log Out
            </Text>
          </View>
        </View>
      </View>
    </View>
    <View
      style={
        Array [
          Object {
            "backgroundColor": "white",
            "borderColor": "#e1e8ee",
            "borderWidth": 1,
            "margin": 15,
            "marginBottom": 0,
            "padding": 15,
            "shadowColor": "rgba(0,0,0, .2)",
            "shadowOffset": Object {
              "height": 0,
              "width": 0,
            },
            "shadowOpacity": 1,
            "shadowRadius": 1,
          },
          undefined,
          undefined,
        ]
      }
    >
      <View
        style={
          Array [
            Object {
              "backgroundColor": "transparent",
            },
            undefined,
            undefined,
          ]
        }
      >
        <View>
          <Text
            accessible={true}
            allowFontScaling={true}
            ellipsizeMode="tail"
            style={
              Array [
                Object {},
                undefined,
                undefined,
                undefined,
                undefined,
                undefined,
                undefined,
                undefined,
                undefined,
                undefined,
                Array [
                  Object {
                    "color": "#43484d",
                    "fontSize": 17.5,
                    "fontWeight": "bold",
                    "marginBottom": 15,
                    "textAlign": "center",
                  },
                  undefined,
                  undefined,
                  undefined,
                ],
              ]
            }
          >
            Manual insertion
          </Text>
          <View
            style={
              Array [
                Object {
                  "backgroundColor": "#e1e8ee",
                  "height": 1,
                },
                Array [
                  Object {
                    "marginBottom": 15,
                  },
                  undefined,
                ],
              ]
            }
          />
        </View>
        <View
          style={
            Object {
              "borderBottomColor": "#bdc6cf",
              "borderBottomWidth": 1,
              "marginLeft": 20,
              "marginRight": 20,
              "transform": Array [
                Object {
                  "translateX": 0,
                },
              ],
            }
          }
        >
          <TextInput
            allowFontScaling={true}
            onChangeText={[Function]}
            placeholder="Place"
            style={
              Array [
                Object {
                  "color": "#86939e",
                  "minHeight": 36,
                  "width": 750,
                },
                Object {
                  "fontSize": 17.5,
                },
                undefined,
              ]
            }
          />
        </View>
        <View
          style={
            Object {
              "marginLeft": 50,
              "marginRight": 50,
              "marginTop": 20,
            }
          }
        >
          <View
            style={
              Array [
                Object {
                  "marginLeft": 15,
                  "marginRight": 15,
                },
                undefined,
                undefined,
                Object {
                  "borderRadius": 15,
                },
              ]
            }
          >
            <View
              accessible={true}
              isTVSelectable={true}
              onResponderGrant={[Function]}
              onResponderMove={[Function]}
              onResponderRelease={[Function]}
              onResponderTerminate={[Function]}
              onResponderTerminationRequest={[Function]}
              onStartShouldSetResponder={[Function]}
              style={Object {}}
            >
              <View
                pointerEvents="box-only"
                style={
                  Array [
                    Object {
                      "alignItems": "center",
                      "backgroundColor": "#9E9E9E",
                      "flexDirection": "row",
                      "justifyContent": "center",
                      "padding": 19,
                    },
                    undefined,
                    undefined,
                    undefined,
                    undefined,
                    undefined,
                    Object {
                      "backgroundColor": "#5167A4",
                    },
                    Object {
                      "borderRadius": 15,
                    },
                    Object {
                      "padding": 12,
                    },
                    undefined,
                    undefined,
                    undefined,
                    undefined,
                    undefined,
                    undefined,
                  ]
                }
              >
                <Text
                  accessible={true}
                  allowFontScaling={true}
                  ellipsizeMode="tail"
                  style={
                    Array [
                      Object {},
                      undefined,
                      undefined,
                      undefined,
                      undefined,
                      undefined,
                      undefined,
                      undefined,
                      undefined,
                      undefined,
                      Array [
                        Object {
                          "color": "white",
                          "fontSize": 20,
                        },
                        Object {
                          "color": "#fff",
                        },
                        Object {
                          "fontSize": 17.5,
                        },
                        undefined,
                        undefined,
                        Object {
                          "fontWeight": "bold",
                        },
                        undefined,
                        undefined,
                      ],
                    ]
                  }
                >
                  Send
                </Text>
              </View>
            </View>
          </View>
        </View>
      </View>
    </View>
    <View
      style={
        Array [
          Object {
            "backgroundColor": "white",
            "borderColor": "#e1e8ee",
            "borderWidth": 1,
            "margin": 15,
            "marginBottom": 0,
            "padding": 15,
            "shadowColor": "rgba(0,0,0, .2)",
            "shadowOffset": Object {
              "height": 0,
              "width": 0,
            },
            "shadowOpacity": 1,
            "shadowRadius": 1,
          },
          undefined,
          undefined,
        ]
      }
    >
      <View
        style={
          Array [
            Object {
              "backgroundColor": "transparent",
            },
            undefined,
            undefined,
          ]
        }
      >
        <View>
          <Text
            accessible={true}
            allowFontScaling={true}
            ellipsizeMode="tail"
            style={
              Array [
                Object {},
                undefined,
                undefined,
                undefined,
                undefined,
                undefined,
                undefined,
                undefined,
                undefined,
                undefined,
                Array [
                  Object {
                    "color": "#43484d",
                    "fontSize": 17.5,
                    "fontWeight": "bold",
                    "marginBottom": 15,
                    "textAlign": "center",
                  },
                  undefined,
                  undefined,
                  undefined,
                ],
              ]
            }
          >
            Scan QR code
          </Text>
          <View
            style={
              Array [
                Object {
                  "backgroundColor": "#e1e8ee",
                  "height": 1,
                },
                Array [
                  Object {
                    "marginBottom": 15,
                  },
                  undefined,
                ],
              ]
            }
          />
        </View>
        <View
          style={
            Object {
              "justifyContent": "flex-end",
              "margin": 20,
              "marginLeft": 50,
              "marginRight": 50,
            }
          }
        >
          <View
            style={
              Array [
                Object {
                  "marginLeft": 15,
                  "marginRight": 15,
                },
                undefined,
                undefined,
                Object {
                  "borderRadius": 15,
                },
              ]
            }
          >
            <View
              accessible={true}
              isTVSelectable={true}
              onResponderGrant={[Function]}
              onResponderMove={[Function]}
              onResponderRelease={[Function]}
              onResponderTerminate={[Function]}
              onResponderTerminationRequest={[Function]}
              onStartShouldSetResponder={[Function]}
              style={Object {}}
            >
              <View
                pointerEvents="box-only"
                style={
                  Array [
                    Object {
                      "alignItems": "center",
                      "backgroundColor": "#9E9E9E",
                      "flexDirection": "row",
                      "justifyContent": "center",
                      "padding": 19,
                    },
                    undefined,
                    undefined,
                    undefined,
                    undefined,
                    undefined,
                    Object {
                      "backgroundColor": "#5167A4",
                    },
                    Object {
                      "borderRadius": 15,
                    },
                    Object {
                      "padding": 12,
                    },
                    undefined,
                    undefined,
                    undefined,
                    undefined,
                    undefined,
                    undefined,
                  ]
                }
              >
                <Text
                  accessible={true}
                  allowFontScaling={true}
                  ellipsizeMode="tail"
                  style={
                    Array [
                      Object {},
                      undefined,
                      undefined,
                      undefined,
                      undefined,
                      undefined,
                      undefined,
                      undefined,
                      undefined,
                      undefined,
                      Array [
                        Object {
                          "color": "white",
                          "fontSize": 20,
                        },
                        Object {
                          "color": "#fff",
                        },
                        Object {
                          "fontSize": 17.5,
                        },
                        undefined,
                        undefined,
                        Object {
                          "fontWeight": "bold",
                        },
                        undefined,
                        undefined,
                      ],
                    ]
                  }
                >
                  Scan
                </Text>
              </View>
            </View>
          </View>
        </View>
      </View>
    </View>
    <View
      style={
        Array [
          Object {
            "backgroundColor": "white",
            "borderColor": "#e1e8ee",
            "borderWidth": 1,
            "margin": 15,
            "marginBottom": 0,
            "padding": 15,
            "shadowColor": "rgba(0,0,0, .2)",
            "shadowOffset": Object {
              "height": 0,
              "width": 0,
            },
            "shadowOpacity": 1,
            "shadowRadius": 1,
          },
          undefined,
          undefined,
        ]
      }
    >
      <View
        style={
          Array [
            Object {
              "backgroundColor": "transparent",
            },
            undefined,
            undefined,
          ]
        }
      >
        <View
          style={
            Object {
              "marginLeft": 50,
              "marginRight": 50,
              "marginTop": 20,
            }
          }
        >
          <View
            style={
              Array [
                Object {
                  "marginLeft": 15,
                  "marginRight": 15,
                },
                undefined,
                undefined,
                Object {
                  "borderRadius": 15,
                },
              ]
            }
          >
            <View
              accessible={true}
              isTVSelectable={true}
              onResponderGrant={[Function]}
              onResponderMove={[Function]}
              onResponderRelease={[Function]}
              onResponderTerminate={[Function]}
              onResponderTerminationRequest={[Function]}
              onStartShouldSetResponder={[Function]}
              style={Object {}}
            >
              <View
                pointerEvents="box-only"
                style={
                  Array [
                    Object {
                      "alignItems": "center",
                      "backgroundColor": "#9E9E9E",
                      "flexDirection": "row",
                      "justifyContent": "center",
                      "padding": 19,
                    },
                    undefined,
                    undefined,
                    undefined,
                    undefined,
                    undefined,
                    Object {
                      "backgroundColor": "#5167A4",
                    },
                    Object {
                      "borderRadius": 15,
                    },
                    Object {
                      "padding": 12,
                    },
                    undefined,
                    undefined,
                    undefined,
                    undefined,
                    undefined,
                    undefined,
                  ]
                }
              >
                <Text
                  accessible={true}
                  allowFontScaling={true}
                  ellipsizeMode="tail"
                  style={
                    Array [
                      Object {},
                      undefined,
                      undefined,
                      undefined,
                      undefined,
                      undefined,
                      undefined,
                      undefined,
                      undefined,
                      undefined,
                      Array [
                        Object {
                          "color": "white",
                          "fontSize": 20,
                        },
                        Object {
                          "color": "#fff",
                        },
                        Object {
                          "fontSize": 17.5,
                        },
                        undefined,
                        undefined,
                        Object {
                          "fontWeight": "bold",
                        },
                        undefined,
                        undefined,
                      ],
                    ]
                  }
                >
                  Free places
                </Text>
              </View>
            </View>
          </View>
        </View>
        <View
          style={
            Array [
              Object {
                "backgroundColor": "#393e42",
                "borderBottomColor": "#000",
                "borderBottomWidth": 1,
                "borderTopColor": "#000",
                "borderTopWidth": 1,
              },
              Object {
                "backgroundColor": "#e1e8ee",
                "borderBottomColor": "#e1e1e1",
                "borderTopColor": "#e1e1e1",
              },
              Object {
                "backgroundColor": "white",
                "borderWidth": 0,
                "marginTop": 10,
              },
            ]
          }
        >
          <TextInput
            allowFontScaling={true}
            onChangeText={[Function]}
            placeholder="Search a place..."
            placeholderTextColor="#86939e"
            platform="ios"
            searchIcon={
              Object {
                "size": 24,
              }
            }
            style={
              Array [
                Object {
                  "backgroundColor": "#303337",
                  "borderRadius": 3,
                  "color": "#86939e",
                  "fontSize": 17.5,
                  "height": 30,
                  "margin": 8,
                  "overflow": "hidden",
                  "paddingLeft": 26,
                  "paddingRight": 19,
                },
                Object {
                  "backgroundColor": "#bdc6cf",
                },
                false,
                Object {
                  "borderRadius": 15,
                },
                undefined,
                undefined,
                false,
              ]
            }
            underlineColorAndroid="transparent"
          />
          <Text
            accessible={true}
            allowFontScaling={false}
            ellipsizeMode="tail"
            style={
              Array [
                Object {
                  "color": "#86939e",
                  "fontSize": 16,
                },
                Array [
                  Object {
                    "backgroundColor": "transparent",
                    "position": "absolute",
                    "top": 15.5,
                  },
                  Object {
                    "left": 16,
                  },
                  undefined,
                ],
                Object {
                  "fontFamily": "Material Icons",
                  "fontStyle": "normal",
                  "fontWeight": "normal",
                },
                Object {},
              ]
            }
          >
            
          </Text>
        </View>
      </View>
    </View>
  </View>
</RCTScrollView>
`;
